2025-04-04T06:40:17.647Z [INFO]: update address succsessfully
2025-04-04T06:47:13.504Z [INFO]: select default address  succsessfully
2025-04-04T07:11:40.724Z [INFO]: delete address succsessfully
2025-06-05T05:50:23.778Z [WARN]: user not found, please login first
2025-06-05T05:50:32.380Z [INFO]: create address succsessfully
2025-06-05T07:47:09.389Z [INFO]: create address succsessfully
2025-06-05T08:34:58.859Z [INFO]: create address succsessfully
2025-06-06T07:10:08.214Z [INFO]: Get data address succsessfully 
2025-06-06T07:10:09.310Z [INFO]: Get data address succsessfully 
2025-06-06T07:54:50.629Z [INFO]: Get data address succsessfully 
2025-06-06T07:54:51.520Z [INFO]: Get data address succsessfully 
2025-06-06T08:56:35.157Z [INFO]: Get data address succsessfully 
2025-06-06T08:56:37.548Z [INFO]: Get data address succsessfully 
2025-06-06T11:32:42.908Z [INFO]: Get data address succsessfully 
2025-06-06T11:32:44.502Z [INFO]: Get data address succsessfully 
2025-06-06T11:33:30.881Z [INFO]: Get data address succsessfully 
2025-06-06T11:33:35.302Z [INFO]: Get data address succsessfully 
2025-06-06T11:35:50.667Z [INFO]: Get data address succsessfully 
2025-06-06T11:35:55.145Z [INFO]: Get data address succsessfully 
2025-06-06T11:36:08.690Z [WARN]: address not found, please create address first
2025-06-06T11:36:28.533Z [WARN]: address not found, please create address first
2025-06-06T11:46:26.874Z [INFO]: Get data address succsessfully 
2025-06-06T11:46:29.471Z [INFO]: Get data address succsessfully 
2025-06-06T11:46:39.578Z [WARN]: address not found, please create address first
2025-06-06T11:48:04.895Z [INFO]: Get data address succsessfully 
2025-06-06T11:48:05.935Z [INFO]: Get data address succsessfully 
2025-06-06T11:50:20.423Z [INFO]: Get data address succsessfully 
2025-06-06T11:50:22.290Z [INFO]: Get data address succsessfully 
2025-06-06T11:50:37.302Z [WARN]: address not found, please create address first
2025-06-06T11:55:14.638Z [INFO]: Get data address succsessfully 
2025-06-06T11:55:17.615Z [INFO]: Get data address succsessfully 
2025-06-06T11:55:25.941Z [WARN]: address not found, please create address first
2025-06-06T12:00:47.382Z [INFO]: Get data address succsessfully 
2025-06-06T12:00:49.501Z [INFO]: Get data address succsessfully 
2025-06-06T12:01:02.797Z [WARN]: address not found, please create address first
2025-06-06T12:08:44.885Z [INFO]: Get data address succsessfully 
2025-06-06T12:08:45.567Z [INFO]: Get data address succsessfully 
2025-06-06T12:08:57.090Z [WARN]: address not found, please create address first
2025-06-06T12:14:35.331Z [INFO]: Update address succsessfully
2025-06-06T12:17:16.090Z [INFO]: Get data address succsessfully 
2025-06-06T12:18:04.777Z [INFO]: Update address succsessfully
2025-06-06T12:19:12.039Z [INFO]: Get data address succsessfully 
2025-06-06T12:19:14.214Z [INFO]: Get data address succsessfully 
2025-06-06T12:22:42.536Z [INFO]: Update address succsessfully
2025-06-06T12:28:39.067Z [INFO]: Get data address succsessfully 
2025-06-06T12:28:41.464Z [INFO]: Get data address succsessfully 
2025-06-06T12:28:51.935Z [WARN]: address not found, please create address first
2025-06-06T12:33:05.722Z [INFO]: Get data address succsessfully 
2025-06-06T12:33:06.297Z [INFO]: Get data address succsessfully 
2025-06-06T13:09:01.236Z [INFO]: Get data address succsessfully 
2025-06-06T13:09:03.319Z [INFO]: Get data address succsessfully 
2025-06-06T13:09:17.441Z [WARN]: address not found, please create address first
2025-06-06T13:09:58.760Z [WARN]: address not found, please create address first
2025-06-06T13:19:18.760Z [INFO]: Get data address succsessfully 
2025-06-06T13:19:20.438Z [INFO]: Get data address succsessfully 
2025-06-06T13:27:53.177Z [INFO]: Get data address succsessfully 
2025-06-06T13:27:54.206Z [INFO]: Get data address succsessfully 
2025-06-06T13:28:11.365Z [WARN]: address not found, please create address first
2025-06-06T13:33:47.500Z [INFO]: Get data address succsessfully 
2025-06-06T13:33:51.479Z [INFO]: Get data address succsessfully 
2025-06-06T13:34:12.649Z [INFO]: Update address succsessfully
2025-06-06T13:35:24.336Z [INFO]: Get data address succsessfully 
2025-06-06T13:35:26.561Z [INFO]: Get data address succsessfully 
2025-06-06T13:35:47.123Z [INFO]: Update address succsessfully
2025-06-06T17:07:54.655Z [INFO]: Get data address succsessfully 
2025-06-06T17:07:55.494Z [INFO]: Get data address succsessfully 
2025-06-06T17:08:34.487Z [INFO]: Update address succsessfully
2025-06-06T17:08:35.649Z [INFO]: Get data address succsessfully 
2025-06-06T17:11:54.450Z [INFO]: Get data address succsessfully 
2025-06-06T17:11:55.231Z [INFO]: Get data address succsessfully 
2025-06-06T17:14:50.707Z [INFO]: Get data address succsessfully 
2025-06-06T17:14:51.481Z [INFO]: Get data address succsessfully 
2025-06-06T17:17:21.158Z [INFO]: Get data address succsessfully 
2025-06-06T17:17:22.491Z [INFO]: Get data address succsessfully 
2025-06-06T17:40:59.495Z [INFO]: Get data address succsessfully 
2025-06-06T17:41:00.286Z [INFO]: Get data address succsessfully 
2025-06-06T17:45:47.680Z [INFO]: Get data address succsessfully 
2025-06-06T17:45:49.063Z [INFO]: Get data address succsessfully 
2025-06-06T18:04:38.584Z [INFO]: Get data address succsessfully 
2025-06-06T18:04:40.339Z [INFO]: Get data address succsessfully 
2025-06-06T18:20:27.547Z [INFO]: Get data address succsessfully 
2025-06-06T18:20:29.664Z [INFO]: Get data address succsessfully 
2025-06-06T18:22:34.914Z [INFO]: Update address succsessfully
2025-06-06T18:22:35.511Z [INFO]: Get data address succsessfully 
2025-06-06T18:23:26.419Z [INFO]: Update address succsessfully
2025-06-06T18:23:27.182Z [INFO]: Get data address succsessfully 
2025-06-06T19:01:54.209Z [INFO]: Get data address succsessfully 
2025-06-06T19:01:54.967Z [INFO]: Get data address succsessfully 
2025-06-07T02:44:15.537Z [INFO]: Get data address succsessfully 
2025-06-07T02:44:17.458Z [INFO]: Get data address succsessfully 
2025-06-07T02:49:04.276Z [INFO]: delete address succsessfully
2025-06-07T02:51:01.603Z [INFO]: Get data address succsessfully 
2025-06-07T02:51:02.382Z [INFO]: Get data address succsessfully 
2025-06-07T03:29:27.351Z [INFO]: Get data address succsessfully 
2025-06-07T03:29:28.896Z [INFO]: Get data address succsessfully 
2025-06-07T03:31:39.777Z [INFO]: Get data address succsessfully 
2025-06-07T03:31:40.794Z [INFO]: Get data address succsessfully 
2025-06-07T03:36:59.095Z [INFO]: Get data address succsessfully 
2025-06-07T03:37:00.864Z [INFO]: Get data address succsessfully 
2025-06-07T03:48:46.060Z [INFO]: Get data address succsessfully 
2025-06-07T03:48:46.790Z [INFO]: Get data address succsessfully 
2025-06-07T03:54:24.043Z [INFO]: Get data address succsessfully 
2025-06-07T03:54:26.994Z [INFO]: Get data address succsessfully 
2025-06-07T04:13:28.982Z [INFO]: Get data address succsessfully 
2025-06-07T04:13:31.509Z [INFO]: Get data address succsessfully 
2025-06-07T13:20:08.993Z [INFO]: Get data address succsessfully 
2025-06-07T13:20:10.341Z [INFO]: Get data address succsessfully 
2025-06-07T13:27:35.808Z [INFO]: Get data address succsessfully 
2025-06-07T13:27:36.870Z [INFO]: Get data address succsessfully 
2025-06-07T13:30:21.320Z [INFO]: Get data address succsessfully 
2025-06-07T13:30:23.309Z [INFO]: Get data address succsessfully 
2025-06-07T13:38:22.010Z [INFO]: Get data address succsessfully 
2025-06-07T13:38:23.127Z [INFO]: Get data address succsessfully 
2025-06-07T13:40:35.264Z [INFO]: Get data address succsessfully 
2025-06-07T13:40:36.038Z [INFO]: Get data address succsessfully 
2025-06-08T03:02:44.705Z [INFO]: Get data address succsessfully 
2025-06-08T03:02:47.422Z [INFO]: Get data address succsessfully 
2025-06-08T03:11:55.982Z [INFO]: Get data address succsessfully 
2025-06-08T03:11:56.880Z [INFO]: Get data address succsessfully 
2025-06-08T03:29:28.900Z [INFO]: Get data address succsessfully 
2025-06-08T03:29:31.126Z [INFO]: Get data address succsessfully 
2025-06-08T03:30:03.223Z [INFO]: delete address succsessfully
2025-06-08T03:30:05.109Z [INFO]: Get data address succsessfully 
2025-06-08T03:38:14.020Z [INFO]: Get data address succsessfully 
2025-06-08T03:38:15.645Z [INFO]: Get data address succsessfully 
2025-06-08T03:38:49.543Z [INFO]: Create address succsessfully
2025-06-08T03:41:35.431Z [INFO]: Get data address succsessfully 
2025-06-08T03:41:38.816Z [INFO]: Get data address succsessfully 
2025-06-08T03:42:52.577Z [INFO]: Create address succsessfully
2025-06-08T03:42:53.560Z [INFO]: Get data address succsessfully 
2025-06-08T03:43:17.577Z [INFO]: delete address succsessfully
2025-06-08T03:43:21.687Z [INFO]: Get data address succsessfully 
2025-06-08T03:45:56.536Z [INFO]: Update address succsessfully
2025-06-08T03:45:58.174Z [INFO]: Get data address succsessfully 
2025-06-08T03:49:11.577Z [INFO]: delete address succsessfully
2025-06-08T03:49:18.488Z [INFO]: Get data address succsessfully 
2025-06-08T03:51:43.501Z [INFO]: Get data address succsessfully 
2025-06-08T03:51:44.686Z [INFO]: Get data address succsessfully 
2025-06-08T03:52:28.584Z [INFO]: Create address succsessfully
2025-06-08T03:52:29.400Z [INFO]: Get data address succsessfully 
2025-06-08T04:04:48.357Z [INFO]: Get data address succsessfully 
2025-06-08T04:04:49.638Z [INFO]: Get data address succsessfully 
2025-06-08T04:05:11.016Z [INFO]: delete address succsessfully
2025-06-08T04:05:12.414Z [INFO]: Get data address succsessfully 
2025-06-08T04:05:45.551Z [INFO]: Create address succsessfully
2025-06-08T04:05:46.207Z [INFO]: Get data address succsessfully 
2025-06-08T04:06:01.829Z [INFO]: delete address succsessfully
2025-06-08T04:06:03.287Z [INFO]: Get data address succsessfully 
2025-06-08T04:22:55.374Z [INFO]: Get data address succsessfully 
2025-06-08T04:22:56.143Z [INFO]: Get data address succsessfully 
2025-06-08T04:37:43.142Z [INFO]: Get data address succsessfully 
2025-06-08T04:37:46.646Z [INFO]: Get data address succsessfully 
2025-06-08T04:57:18.074Z [INFO]: Get data address succsessfully 
2025-06-08T04:57:21.420Z [INFO]: Get data address succsessfully 
2025-06-08T04:57:25.591Z [INFO]: Get data address succsessfully 
2025-06-08T04:57:28.721Z [INFO]: Get data address succsessfully 
2025-06-08T05:10:05.349Z [INFO]: Create address succsessfully
2025-06-08T05:10:06.121Z [INFO]: Get data address succsessfully 
2025-06-08T05:10:07.412Z [INFO]: Get data address succsessfully 
2025-06-08T05:13:01.089Z [INFO]: Select default address  succsessfully
2025-06-08T05:13:33.342Z [INFO]: Select default address  succsessfully
2025-06-08T05:13:52.970Z [INFO]: Select default address  succsessfully
2025-06-08T05:14:16.515Z [INFO]: Select default address  succsessfully
2025-06-08T05:20:54.725Z [INFO]: Get data address succsessfully 
2025-06-08T05:20:56.478Z [INFO]: Get data address succsessfully 
2025-06-08T05:20:57.556Z [INFO]: Get data address succsessfully 
2025-06-08T05:41:11.990Z [INFO]: Get data address succsessfully 
2025-06-08T05:41:13.197Z [INFO]: Get data address succsessfully 
2025-06-08T05:41:13.916Z [INFO]: Get data address succsessfully 
2025-06-08T06:32:25.073Z [INFO]: Get data address succsessfully 
2025-06-08T06:33:53.569Z [INFO]: Get data address succsessfully 
2025-06-08T06:33:54.079Z [INFO]: Get data address succsessfully 
2025-06-08T06:33:55.273Z [INFO]: Get data address succsessfully 
2025-06-08T06:34:08.137Z [INFO]: Select default address  succsessfully
2025-06-08T06:34:08.644Z [INFO]: Get data address succsessfully 
2025-06-08T06:34:09.942Z [INFO]: Get data address succsessfully 
2025-06-08T06:34:12.217Z [INFO]: Select default address  succsessfully
2025-06-08T06:34:13.001Z [INFO]: Get data address succsessfully 
2025-06-08T06:34:16.671Z [INFO]: Get data address succsessfully 
2025-06-08T06:36:22.721Z [INFO]: Select default address  succsessfully
2025-06-08T06:36:25.222Z [INFO]: Get data address succsessfully 
2025-06-08T06:36:29.866Z [INFO]: Get data address succsessfully 
2025-06-08T06:37:08.322Z [INFO]: Select default address  succsessfully
2025-06-08T06:37:12.331Z [INFO]: Get data address succsessfully 
2025-06-08T06:37:16.256Z [INFO]: Get data address succsessfully 
2025-06-08T06:43:03.227Z [INFO]: Get data address succsessfully 
2025-06-08T06:43:06.311Z [INFO]: Get data address succsessfully 
2025-06-08T06:45:01.045Z [INFO]: Select default address  succsessfully
2025-06-08T06:45:04.842Z [INFO]: Get data address succsessfully 
2025-06-08T07:03:32.475Z [INFO]: Get data address succsessfully 
2025-06-08T07:03:33.496Z [INFO]: Get data address succsessfully 
2025-06-08T07:04:11.938Z [INFO]: Select default address  succsessfully
2025-06-08T07:04:12.786Z [INFO]: Get data address succsessfully 
2025-06-08T07:09:56.156Z [INFO]: Get data address succsessfully 
2025-06-08T07:09:56.902Z [INFO]: Get data address succsessfully 
2025-06-08T09:07:33.172Z [INFO]: Get data address succsessfully 
2025-06-08T09:07:33.999Z [INFO]: Get data address succsessfully 
2025-06-08T09:12:14.147Z [INFO]: Get data address succsessfully 
2025-06-08T09:12:20.984Z [INFO]: Get data address succsessfully 
2025-06-08T09:26:40.609Z [INFO]: Get data address succsessfully 
2025-06-08T09:26:44.396Z [INFO]: Get data address succsessfully 
2025-06-08T09:46:19.337Z [INFO]: Select default address  succsessfully
2025-06-08T09:46:21.560Z [INFO]: Get data address succsessfully 
2025-06-08T10:16:50.947Z [INFO]: Get data address succsessfully 
2025-06-08T10:16:51.467Z [INFO]: Get data address succsessfully 
2025-06-08T10:17:19.273Z [INFO]: Select default address  succsessfully
2025-06-08T10:17:20.651Z [INFO]: Get data address succsessfully 
2025-06-08T10:24:12.269Z [INFO]: Select default address  succsessfully
2025-06-08T10:24:13.717Z [INFO]: Get data address succsessfully 
2025-06-08T10:28:41.034Z [INFO]: Select default address  succsessfully
2025-06-08T10:28:41.756Z [INFO]: Get data address succsessfully 
2025-06-08T10:30:11.659Z [INFO]: Get data address succsessfully 
2025-06-08T10:30:12.207Z [INFO]: Get data address succsessfully 
2025-06-08T10:31:00.239Z [INFO]: Select default address  succsessfully
2025-06-08T10:31:01.352Z [INFO]: Get data address succsessfully 
2025-06-08T10:31:28.978Z [INFO]: Select default address  succsessfully
2025-06-08T10:31:30.146Z [INFO]: Get data address succsessfully 
2025-06-08T10:46:36.673Z [INFO]: Get data address succsessfully 
2025-06-08T10:46:37.873Z [INFO]: Get data address succsessfully 
2025-06-08T10:51:34.027Z [INFO]: Get data address succsessfully 
2025-06-08T10:51:34.697Z [INFO]: Get data address succsessfully 
2025-06-08T10:59:10.363Z [INFO]: Get data address succsessfully 
2025-06-08T10:59:11.193Z [INFO]: Get data address succsessfully 
2025-06-08T11:24:22.471Z [INFO]: Get data address succsessfully 
2025-06-08T11:24:23.051Z [INFO]: Get data address succsessfully 
2025-06-08T11:25:22.110Z [INFO]: Select default address  succsessfully
2025-06-08T11:25:23.344Z [INFO]: Get data address succsessfully 
2025-06-09T01:40:55.015Z [INFO]: Get data address succsessfully 
2025-06-09T01:40:55.763Z [INFO]: Get data address succsessfully 
2025-06-09T01:44:09.749Z [INFO]: Get data address succsessfully 
2025-06-09T01:44:13.821Z [INFO]: Get data address succsessfully 
2025-06-09T01:45:43.977Z [INFO]: Get data address succsessfully 
2025-06-09T01:45:45.475Z [INFO]: Get data address succsessfully 
2025-06-09T01:50:56.150Z [INFO]: Get data address succsessfully 
2025-06-09T01:50:57.153Z [INFO]: Get data address succsessfully 
2025-06-09T02:29:22.576Z [INFO]: Get data address succsessfully 
2025-06-09T02:29:24.448Z [INFO]: Get data address succsessfully 
2025-06-09T02:41:47.372Z [INFO]: Get data address succsessfully 
2025-06-09T02:41:48.385Z [INFO]: Get data address succsessfully 
2025-06-09T02:49:00.652Z [INFO]: Get data address succsessfully 
2025-06-09T02:49:04.683Z [INFO]: Get data address succsessfully 
2025-06-09T03:08:32.854Z [INFO]: Get data address succsessfully 
2025-06-09T03:08:38.347Z [INFO]: Get data address succsessfully 
2025-06-09T03:40:28.459Z [INFO]: Get data address succsessfully 
2025-06-09T03:40:30.635Z [INFO]: Get data address succsessfully 
2025-06-09T04:01:15.410Z [INFO]: Get data address succsessfully 
2025-06-09T04:01:17.129Z [INFO]: Get data address succsessfully 
2025-06-09T04:13:48.742Z [INFO]: Get data address succsessfully 
2025-06-09T04:13:49.982Z [INFO]: Get data address succsessfully 
2025-06-09T04:41:10.123Z [INFO]: Get data address succsessfully 
2025-06-09T04:41:10.780Z [INFO]: Get data address succsessfully 
2025-06-09T04:57:33.383Z [INFO]: Get data address succsessfully 
2025-06-09T04:57:34.004Z [INFO]: Get data address succsessfully 
2025-06-09T05:04:13.453Z [INFO]: Get data address succsessfully 
2025-06-09T05:04:15.415Z [INFO]: Get data address succsessfully 
2025-06-09T05:11:44.485Z [INFO]: Get data address succsessfully 
2025-06-09T05:11:49.778Z [INFO]: Get data address succsessfully 
2025-06-09T05:13:35.092Z [INFO]: Get data address succsessfully 
