2025-03-06T08:16:48.300Z [INFO]: Signup succsessfuly
2025-03-06T10:47:05.409Z [INFO]: Signin succsessfully
2025-03-06T10:47:35.065Z [INFO]: Get data user succsess alcatraz
2025-03-06T15:35:08.844Z [WARN]: user not found, please register first
2025-03-06T15:35:28.904Z [INFO]: Signup succsessfuly
2025-03-06T15:36:05.516Z [INFO]: Signin succsessfully
2025-03-06T15:36:25.450Z [INFO]: Get data user succsess alcatraz
2025-03-08T16:48:00.687Z [INFO]: Signin succsessfully
2025-03-09T09:36:30.956Z [INFO]: Signin succsessfully
2025-03-09T10:00:37.865Z [WARN]: user not found, please login first
2025-03-09T10:27:13.123Z [WARN]: user not found, please login first
2025-03-09T10:27:24.175Z [INFO]: Signin succsessfully
2025-03-09T10:27:28.877Z [INFO]: Signin succsessfully
2025-03-09T10:29:25.562Z [INFO]: Signin succsessfully
2025-03-10T07:36:18.005Z [INFO]: Signin succsessfully
2025-03-10T07:41:18.043Z [INFO]: Signin succsessfully
2025-03-10T07:43:27.488Z [INFO]: Signin succsessfully
2025-03-12T06:03:24.657Z [INFO]: Signup succsessfuly
2025-03-12T06:03:59.844Z [INFO]: Signin succsessfully
2025-03-12T06:04:20.269Z [WARN]: Email do not match erlangga.fie@gmail.com
2025-03-12T06:04:54.947Z [INFO]: Signin succsessfully
2025-03-12T06:05:18.175Z [WARN]: Email do not match erlangga.fie@gmail.com
2025-03-12T06:07:08.503Z [INFO]: Logout user succsess
2025-03-12T06:07:24.823Z [WARN]: Email do not match erlangga.fie@gmail.com
2025-03-12T06:10:29.443Z [WARN]: Email do not match erlangga.fie@gmail.com
2025-03-12T06:13:25.412Z [INFO]: succsessfuly send to your email
2025-03-12T07:06:36.127Z [INFO]: succsessfuly send to your email
2025-03-12T07:23:02.407Z [WARN]: no authorized, no token provided
2025-03-12T07:23:18.291Z [INFO]: Signin succsessfully
2025-03-12T08:16:15.645Z [INFO]: Signin succsessfully
2025-03-12T08:27:39.302Z [INFO]: Signin succsessfully
2025-03-12T08:37:18.658Z [INFO]: Password successfully changed
2025-03-12T08:38:17.968Z [INFO]: Signin succsessfully
2025-03-12T08:38:21.985Z [INFO]: Signin succsessfully
2025-03-12T08:38:40.162Z [INFO]: Logout user succsess
2025-03-12T08:38:52.068Z [INFO]: Signin succsessfully
2025-03-12T08:43:39.699Z [INFO]: Signin succsessfully
2025-03-12T08:43:52.821Z [WARN]: invalid current password 
2025-03-12T08:46:32.119Z [WARN]: invalid current password 
2025-03-12T08:46:38.504Z [WARN]: invalid current password 
2025-03-12T08:52:49.761Z [INFO]: Password successfully changed
2025-03-12T08:54:06.670Z [INFO]: Signin succsessfully
2025-04-03T08:42:20.502Z [INFO]: Signin succsessfully
2025-04-03T10:39:31.991Z [INFO]: Signup succsessfuly
2025-05-16T17:02:39.843Z [INFO]: Signup succsessfuly
2025-05-19T04:02:10.020Z [INFO]: Signup succsessfuly
2025-05-19T08:47:57.147Z [INFO]: Signup succsessfuly
2025-05-19T08:56:27.612Z [INFO]: Signup succsessfuly
2025-05-19T09:35:49.722Z [INFO]: Signup succsessfuly
2025-05-19T09:56:32.314Z [INFO]: Signup succsessfuly
2025-05-19T10:08:53.834Z [INFO]: Signup succsessfuly
2025-05-19T10:11:31.575Z [INFO]: Signup succsessfuly
2025-05-19T10:20:27.850Z [INFO]: Signup succsessfuly
2025-05-19T10:53:46.480Z [INFO]: Signin succsessfully
2025-05-19T10:53:55.266Z [INFO]: Signin succsessfully
2025-05-19T10:53:59.198Z [INFO]: Signin succsessfully
2025-05-19T10:54:44.745Z [INFO]: Logout user succsess
2025-05-19T10:55:06.334Z [INFO]: Signin succsessfully
2025-05-19T10:55:29.279Z [INFO]: Logout user succsess
2025-05-19T10:56:04.261Z [INFO]: Signin succsessfully
2025-05-19T15:59:29.160Z [INFO]: Signup succsessfuly
2025-05-19T15:59:56.715Z [INFO]: Signin succsessfully
2025-05-19T16:17:59.407Z [INFO]: Signin succsessfully
2025-05-20T14:01:05.693Z [INFO]: succsessfuly send to your email
2025-05-20T14:52:29.743Z [INFO]: succsessfuly send to your email
2025-05-22T05:51:07.214Z [INFO]: succsessfuly send to your email
2025-05-22T05:56:57.165Z [INFO]: succsessfuly send to your email
2025-05-22T06:02:29.138Z [WARN]: user not found, please register first
2025-05-22T06:02:46.431Z [INFO]: Signin succsessfully
2025-05-22T08:37:52.113Z [INFO]: succsessfuly send to your email
2025-05-22T08:39:52.181Z [INFO]: Signin succsessfully
2025-05-22T08:45:06.599Z [INFO]: Signin succsessfully
2025-05-22T09:45:29.907Z [INFO]: Signin succsessfully
2025-05-22T10:13:29.722Z [INFO]: Signup succsessfuly
2025-05-22T10:14:35.646Z [INFO]: Signin succsessfully
2025-05-23T07:10:11.041Z [INFO]: Signup succsessfuly
2025-05-23T07:10:34.783Z [INFO]: Signin succsessfully
2025-05-23T09:10:19.712Z [INFO]: Signup succsessfuly
2025-05-23T09:11:15.126Z [INFO]: Signin succsessfully
2025-05-23T09:38:11.822Z [INFO]: Signup succsessfuly
2025-05-24T09:30:56.303Z [INFO]: Signup succsessfuly
2025-05-24T09:31:41.167Z [INFO]: Signin succsessfully
2025-05-24T13:34:13.267Z [INFO]: Signin succsessfully
2025-05-24T14:29:18.232Z [INFO]: succsessfuly send to your email
2025-05-26T11:24:27.224Z [INFO]: Get data user succsess Fathul
2025-05-26T11:24:28.201Z [INFO]: Get data user succsess Fathul
2025-05-26T11:29:05.901Z [INFO]: Get data user succsess Fathul
2025-05-26T11:29:06.792Z [INFO]: Get data user succsess Fathul
2025-05-26T11:38:41.991Z [INFO]: Get data user succsess Fathul
2025-05-26T11:38:45.144Z [INFO]: Get data user succsess Fathul
2025-05-26T11:39:38.784Z [INFO]: Get data user succsess Fathul
2025-05-26T11:39:39.775Z [INFO]: Get data user succsess Fathul
2025-05-26T11:43:19.187Z [INFO]: Get data user succsess Fathul
2025-05-26T11:43:21.490Z [INFO]: Get data user succsess Fathul
2025-05-26T12:00:01.264Z [INFO]: Get data user succsess Fathul
2025-05-26T12:00:02.315Z [INFO]: Get data user succsess Fathul
2025-05-26T12:00:36.964Z [INFO]: Get data user succsess Fathul
2025-05-26T12:00:37.813Z [INFO]: Get data user succsess Fathul
2025-05-26T12:02:41.149Z [INFO]: Get data user succsess Fathul
2025-05-26T12:02:42.401Z [INFO]: Get data user succsess Fathul
2025-05-26T12:10:48.201Z [INFO]: Signin succsessfully
2025-05-26T12:10:53.460Z [INFO]: Get data user succsess fathul
2025-05-26T12:10:54.286Z [INFO]: Get data user succsess fathul
2025-05-26T12:11:47.526Z [INFO]: Get data user succsess fathul
2025-05-26T12:11:49.650Z [INFO]: Get data user succsess fathul
2025-05-26T12:23:12.139Z [INFO]: Get data user succsess fathul
2025-05-26T12:23:13.053Z [INFO]: Get data user succsess fathul
2025-05-26T12:40:18.920Z [INFO]: Get data user succsess fathul
2025-05-26T12:40:19.838Z [INFO]: Get data user succsess fathul
2025-05-26T14:13:37.201Z [INFO]: Signup succsessfuly
2025-05-26T14:13:51.890Z [INFO]: Get data user succsess kenzo
2025-05-26T14:13:53.016Z [INFO]: Get data user succsess kenzo
2025-05-26T14:13:58.213Z [INFO]: Get data user succsess kenzo
2025-05-26T14:13:59.081Z [INFO]: Get data user succsess kenzo
2025-05-26T14:14:58.964Z [INFO]: Get data user succsess kenzo
2025-05-26T14:15:00.323Z [INFO]: Get data user succsess kenzo
2025-05-26T14:15:34.854Z [INFO]: Signin succsessfully
2025-05-26T14:15:40.956Z [INFO]: Get data user succsess kenzo
2025-05-26T14:15:41.732Z [INFO]: Get data user succsess kenzo
2025-05-26T14:17:33.044Z [INFO]: Get data user succsess kenzo
2025-05-26T14:17:34.092Z [INFO]: Get data user succsess kenzo
2025-05-26T14:18:49.916Z [INFO]: Get data user succsess kenzo
2025-05-26T14:18:51.191Z [INFO]: Get data user succsess kenzo
2025-05-26T14:20:55.832Z [INFO]: Get data user succsess kenzo
2025-05-26T14:20:56.836Z [INFO]: Get data user succsess kenzo
2025-05-26T14:22:28.239Z [INFO]: Get data user succsess kenzo
2025-05-26T14:22:29.028Z [INFO]: Get data user succsess kenzo
2025-05-26T14:25:39.801Z [INFO]: Signin succsessfully
2025-05-26T14:29:11.800Z [INFO]: update profile succsess
2025-05-26T14:31:13.315Z [INFO]: Signin succsessfully
2025-05-26T14:31:20.495Z [INFO]: Get data user succsess fathul
2025-05-26T14:31:21.384Z [INFO]: Get data user succsess fathul
2025-05-26T14:32:56.187Z [INFO]: Get data user succsess fathul
2025-05-26T14:32:57.342Z [INFO]: Get data user succsess fathul
2025-05-26T14:54:51.107Z [INFO]: Signin succsessfully
2025-05-26T14:54:58.091Z [INFO]: Get data user succsess fathul
2025-05-26T14:54:59.478Z [INFO]: Get data user succsess fathul
2025-05-26T14:55:42.913Z [INFO]: Get data user succsess fathul
2025-05-26T14:55:44.181Z [INFO]: Get data user succsess fathul
2025-05-26T14:56:51.431Z [INFO]: Get data user succsess fathul
2025-05-26T14:56:52.324Z [INFO]: Get data user succsess fathul
2025-05-27T03:02:12.615Z [INFO]: Signin succsessfully
2025-05-27T03:02:20.183Z [INFO]: Get data user succsess kenzo
2025-05-27T03:02:21.030Z [INFO]: Get data user succsess kenzo
2025-05-27T03:03:36.413Z [INFO]: Get data user succsess kenzo
2025-05-27T03:03:37.280Z [INFO]: Get data user succsess kenzo
2025-05-27T03:27:16.473Z [INFO]: Get data user succsess kenzo
2025-05-27T03:27:17.398Z [INFO]: Get data user succsess kenzo
2025-05-27T03:36:00.883Z [INFO]: Get data user succsess kenzo
2025-05-27T03:36:02.497Z [INFO]: Get data user succsess kenzo
2025-05-27T03:36:16.105Z [INFO]: Get data user succsess kenzo
2025-05-27T03:36:17.187Z [INFO]: Get data user succsess kenzo
2025-05-27T03:36:22.731Z [INFO]: Get data user succsess kenzo
2025-05-27T03:36:23.613Z [INFO]: Get data user succsess kenzo
2025-05-27T03:38:24.150Z [INFO]: Signup succsessfuly
2025-05-27T03:38:33.091Z [INFO]: Get data user succsess wishky
2025-05-27T03:38:34.099Z [INFO]: Get data user succsess wishky
2025-05-27T03:38:37.967Z [INFO]: Get data user succsess wishky
2025-05-27T03:38:38.877Z [INFO]: Get data user succsess wishky
2025-05-27T03:52:16.242Z [INFO]: Signup succsessfuly
2025-05-27T03:52:26.541Z [INFO]: Get data user succsess fdfgdddf
2025-05-27T03:52:27.412Z [INFO]: Get data user succsess fdfgdddf
2025-05-27T03:52:31.371Z [INFO]: Get data user succsess fdfgdddf
2025-05-27T03:52:32.154Z [INFO]: Get data user succsess fdfgdddf
2025-05-27T04:01:45.237Z [INFO]: Get data user succsess fdfgdddf
2025-05-27T04:01:46.550Z [INFO]: Get data user succsess fdfgdddf
2025-05-27T04:03:13.374Z [INFO]: Signup succsessfuly
2025-05-27T04:03:25.869Z [INFO]: Get data user succsess funa
2025-05-27T04:03:27.061Z [INFO]: Get data user succsess funa
2025-05-27T04:03:51.967Z [INFO]: Signin succsessfully
2025-05-27T04:03:56.668Z [INFO]: Get data user succsess funa
2025-05-27T04:03:57.777Z [INFO]: Get data user succsess funa
2025-05-27T04:04:56.711Z [INFO]: Get data user succsess funa
2025-05-27T04:04:57.607Z [INFO]: Get data user succsess funa
2025-05-27T04:07:39.683Z [INFO]: Get data user succsess funa
2025-05-27T04:07:41.120Z [INFO]: Get data user succsess funa
2025-05-27T04:15:47.243Z [INFO]: Signup succsessfuly
2025-05-27T04:16:14.568Z [INFO]: Get data user succsess fusota
2025-05-27T04:16:15.746Z [INFO]: Get data user succsess fusota
2025-05-27T04:16:32.483Z [INFO]: Signin succsessfully
2025-05-27T04:16:38.136Z [INFO]: Get data user succsess fusota
2025-05-27T04:16:39.389Z [INFO]: Get data user succsess fusota
2025-05-27T04:18:50.700Z [INFO]: Get data user succsess fusota
2025-05-27T04:18:51.991Z [INFO]: Get data user succsess fusota
2025-05-27T04:37:44.155Z [INFO]: Get data user succsess fusota
2025-05-27T04:37:45.461Z [INFO]: Get data user succsess fusota
2025-05-27T06:58:06.781Z [INFO]: Get data user succsess fusota
2025-05-27T06:58:07.720Z [INFO]: Get data user succsess fusota
2025-05-27T06:58:09.164Z [INFO]: Get data user succsess fusota
2025-05-27T06:58:09.999Z [INFO]: Get data user succsess fusota
2025-05-27T07:06:43.236Z [INFO]: Get data user succsess fusota
2025-05-27T07:06:44.534Z [INFO]: Get data user succsess fusota
2025-05-27T07:53:03.026Z [INFO]: Signin succsessfully
2025-05-27T07:53:56.232Z [INFO]: Logout user succsess
2025-05-27T08:01:28.574Z [INFO]: Get data user succsess fusota
2025-05-27T08:01:30.004Z [INFO]: Get data user succsess fusota
2025-05-27T08:02:42.625Z [INFO]: Get data user succsess fusota
2025-05-27T08:02:43.940Z [INFO]: Get data user succsess fusota
2025-05-27T08:02:51.564Z [INFO]: Logout user succsess
2025-05-27T08:05:46.214Z [INFO]: Get data user succsess Fathul
2025-05-27T08:05:47.929Z [INFO]: Get data user succsess Fathul
2025-05-27T08:05:48.788Z [INFO]: Get data user succsess Fathul
2025-05-27T08:07:30.221Z [INFO]: Get data user succsess Fathul
2025-05-27T08:07:31.419Z [INFO]: Get data user succsess Fathul
2025-05-27T08:07:49.868Z [INFO]: Logout user succsess
2025-05-27T08:27:59.055Z [INFO]: Get data user succsess Fathul
2025-05-27T08:28:00.083Z [INFO]: Get data user succsess Fathul
2025-05-27T08:28:00.924Z [INFO]: Get data user succsess Fathul
2025-05-27T08:52:00.563Z [INFO]: Get data user succsess Fathul
2025-05-27T08:52:02.051Z [INFO]: Get data user succsess Fathul
2025-05-27T09:20:34.076Z [INFO]: Get data user succsess Fathul
2025-05-27T09:20:35.192Z [INFO]: Get data user succsess Fathul
2025-05-27T09:27:03.781Z [INFO]: Get data user succsess Fathul
2025-05-27T09:27:04.588Z [INFO]: Get data user succsess Fathul
2025-05-27T10:48:27.308Z [INFO]: Get data user succsess Fathul
2025-05-27T10:48:28.494Z [INFO]: Get data user succsess Fathul
2025-05-27T10:48:29.998Z [INFO]: Get data user succsess Fathul
2025-05-27T10:48:31.016Z [INFO]: Get data user succsess Fathul
2025-05-27T10:56:31.592Z [INFO]: Get data user succsess Fathul
2025-05-27T10:56:33.291Z [INFO]: Get data user succsess Fathul
2025-05-27T10:59:36.148Z [INFO]: Get data user succsess Fathul
2025-05-27T10:59:37.133Z [INFO]: Get data user succsess Fathul
2025-05-27T11:03:54.848Z [INFO]: Get data user succsess Fathul
2025-05-27T11:03:56.668Z [INFO]: Get data user succsess Fathul
2025-05-27T11:20:04.541Z [INFO]: Get data user succsess Fathul
2025-05-27T11:20:06.422Z [INFO]: Get data user succsess Fathul
2025-05-27T11:34:33.423Z [INFO]: Get data user succsess Fathul
2025-05-27T11:34:34.860Z [INFO]: Get data user succsess Fathul
2025-05-27T11:38:11.501Z [INFO]: Get data user succsess Fathul
2025-05-27T11:38:12.580Z [INFO]: Get data user succsess Fathul
2025-05-27T11:40:11.622Z [INFO]: Get data user succsess Fathul
2025-05-27T11:40:13.346Z [INFO]: Get data user succsess Fathul
2025-05-27T11:42:58.877Z [INFO]: Get data user succsess Fathul
2025-05-27T11:43:00.876Z [INFO]: Get data user succsess Fathul
2025-05-27T12:56:20.226Z [INFO]: Get data user succsess Fathul
2025-05-27T12:56:21.868Z [INFO]: Get data user succsess Fathul
2025-05-27T13:04:43.960Z [INFO]: Get data user succsess Fathul
2025-05-27T13:04:56.161Z [INFO]: Get data user succsess Fathul
2025-05-27T13:04:57.017Z [INFO]: Get data user succsess Fathul
2025-05-28T09:21:33.033Z [INFO]: Get data user succsess Fathul
2025-05-28T09:21:45.799Z [INFO]: Get data user succsess Fathul
2025-05-28T09:21:47.650Z [INFO]: Get data user succsess Fathul
2025-05-28T09:21:56.979Z [INFO]: Get data user succsess Fathul
2025-05-28T09:21:58.163Z [INFO]: Get data user succsess Fathul
2025-05-28T11:56:20.024Z [INFO]: Get data user succsess Fathul
2025-05-28T11:56:22.130Z [INFO]: Get data user succsess Fathul
2025-05-28T11:56:24.019Z [INFO]: Get data user succsess Fathul
2025-05-28T11:56:26.081Z [INFO]: Get data user succsess Fathul
2025-05-28T12:02:21.224Z [INFO]: Get data user succsess Fathul
2025-05-28T12:02:23.311Z [INFO]: Get data user succsess Fathul
2025-05-28T12:02:25.580Z [INFO]: Get data user succsess Fathul
2025-05-28T12:02:28.234Z [INFO]: Get data user succsess Fathul
2025-05-28T12:07:10.656Z [INFO]: Get data user succsess Fathul
2025-05-28T12:07:12.302Z [INFO]: Get data user succsess Fathul
2025-05-28T12:14:21.068Z [INFO]: Get data user succsess Fathul
2025-05-28T12:14:23.474Z [INFO]: Get data user succsess Fathul
2025-05-28T12:15:10.201Z [INFO]: update profile succsess
2025-05-28T12:15:59.916Z [WARN]: user not found, please login first
2025-05-28T12:16:02.012Z [WARN]: user not found, please login first
2025-05-28T12:16:19.031Z [WARN]: user not found, please login first
2025-05-28T12:16:40.977Z [INFO]: Get data user succsess Fathul
2025-05-28T12:16:44.273Z [INFO]: Get data user succsess Fathul
2025-05-28T12:23:24.708Z [INFO]: Get data user succsess Fathul
2025-05-28T12:23:25.847Z [INFO]: Get data user succsess Fathul
2025-05-28T12:24:30.243Z [WARN]: user not found, please login first
2025-05-28T12:24:36.226Z [WARN]: user not found, please login first
2025-05-28T12:24:56.192Z [INFO]: Get data user succsess Fathul
2025-05-28T12:24:57.241Z [INFO]: Get data user succsess Fathul
2025-05-28T12:25:03.266Z [WARN]: user not found, please login first
2025-05-28T12:35:42.539Z [INFO]: Get data user succsess Fathul
2025-05-28T12:35:43.811Z [INFO]: Get data user succsess Fathul
2025-05-28T12:35:49.076Z [WARN]: user not found, please login first
2025-05-28T12:44:52.657Z [INFO]: Get data user succsess Fathul
2025-05-28T12:44:54.249Z [INFO]: Get data user succsess Fathul
2025-05-28T12:45:27.980Z [INFO]: Get data user succsess Fathul
2025-05-28T12:45:29.250Z [INFO]: Get data user succsess Fathul
2025-05-28T12:45:30.995Z [WARN]: user not found, please login first
2025-05-28T12:45:38.702Z [WARN]: user not found, please login first
2025-05-28T13:01:23.709Z [INFO]: Logout user succsess
2025-05-28T13:01:59.640Z [INFO]: Signin succsessfully
2025-05-28T13:02:07.299Z [INFO]: Get data user succsess fathul
2025-05-28T13:02:08.178Z [INFO]: Get data user succsess fathul
2025-05-28T13:02:43.249Z [INFO]: Get data user succsess fathul
2025-05-28T13:02:44.083Z [INFO]: Get data user succsess fathul
2025-05-28T13:03:02.722Z [INFO]: update profile succsess
2025-05-28T13:03:14.746Z [WARN]: user not found, please login first
2025-05-28T13:03:33.639Z [WARN]: user not found, please login first
2025-05-28T13:17:56.318Z [WARN]: user not found, please login first
2025-05-28T13:21:44.730Z [INFO]: Get data user succsess fathul
2025-05-28T13:21:46.316Z [INFO]: Get data user succsess fathul
2025-05-28T13:22:23.467Z [WARN]: user not found, please login first
2025-05-28T13:24:03.983Z [WARN]: user not found, please login first
2025-05-28T13:30:00.163Z [INFO]: Logout user succsess
2025-05-28T13:31:43.561Z [INFO]: Signup succsessfuly
2025-05-28T13:31:53.758Z [INFO]: Get data user succsess Yolanda
2025-05-28T13:31:55.320Z [INFO]: Get data user succsess Yolanda
2025-05-28T13:32:05.373Z [INFO]: Signin succsessfully
2025-05-28T13:32:18.432Z [INFO]: Get data user succsess Yolanda
2025-05-28T13:32:19.284Z [INFO]: Get data user succsess Yolanda
2025-05-28T13:33:09.564Z [INFO]: Get data user succsess Yolanda
2025-05-28T13:33:10.420Z [INFO]: Get data user succsess Yolanda
2025-05-28T13:33:30.900Z [INFO]: update profile succsess
2025-05-28T13:33:35.966Z [WARN]: user not found, please login first
2025-05-28T13:33:39.707Z [WARN]: user not found, please login first
2025-05-28T13:33:40.528Z [WARN]: user not found, please login first
2025-05-28T13:33:41.850Z [WARN]: user not found, please login first
2025-05-28T13:33:43.112Z [WARN]: user not found, please login first
2025-05-28T13:33:43.277Z [WARN]: user not found, please login first
2025-05-28T13:33:43.694Z [WARN]: user not found, please login first
2025-05-28T13:42:31.418Z [INFO]: Get data user succsess Yolanda
2025-05-28T13:42:33.150Z [INFO]: Get data user succsess Yolanda
2025-05-28T13:42:47.727Z [INFO]: update profile succsess
2025-05-28T15:00:53.396Z [INFO]: Signup succsessfuly
2025-05-28T15:01:07.934Z [INFO]: Get data user succsess Nobody
2025-05-28T15:01:09.640Z [INFO]: Get data user succsess Nobody
2025-05-28T15:01:55.232Z [INFO]: Get data user succsess Fathul
2025-05-28T15:01:59.560Z [INFO]: Get data user succsess Fathul
2025-05-28T15:02:00.535Z [INFO]: Get data user succsess Fathul
2025-05-28T15:02:15.292Z [INFO]: update profile succsess
2025-05-28T15:02:21.788Z [WARN]: user not found, please login first
2025-05-28T15:44:03.355Z [INFO]: Get data user succsess Fathul
2025-05-28T15:44:04.492Z [INFO]: Get data user succsess Fathul
2025-05-28T15:44:33.188Z [INFO]: update profile succsess
2025-05-28T15:44:42.439Z [WARN]: user not found, please login first
2025-05-28T15:54:35.503Z [INFO]: Get data user succsess Fathul
2025-05-28T15:54:36.648Z [INFO]: Get data user succsess Fathul
2025-05-28T15:54:52.286Z [INFO]: update profile succsess
2025-05-28T15:54:57.362Z [WARN]: user not found, please login first
2025-05-28T16:03:12.076Z [INFO]: Get data user succsess Fathul
2025-05-28T16:03:12.959Z [INFO]: Get data user succsess Fathul
2025-05-28T16:11:38.175Z [INFO]: Get data user succsess Fathul
2025-05-28T16:11:39.251Z [INFO]: Get data user succsess Fathul
2025-05-28T16:11:50.425Z [INFO]: update profile succsess
2025-05-28T16:14:02.574Z [INFO]: Get data user succsess Fathul
2025-05-28T16:14:09.370Z [INFO]: Get data user succsess Fathul
2025-05-29T01:35:16.733Z [INFO]: Get data user succsess Fathul
2025-05-29T01:35:18.796Z [INFO]: Get data user succsess Fathul
2025-05-29T01:35:23.292Z [INFO]: Get data user succsess Fathul
2025-05-29T01:35:25.271Z [INFO]: Get data user succsess Fathul
2025-05-29T02:45:09.214Z [INFO]: Get data user succsess Fathul
2025-05-29T02:45:10.856Z [INFO]: Get data user succsess Fathul
2025-05-29T02:50:32.222Z [INFO]: Get data user succsess Fathul
2025-05-29T02:50:34.683Z [INFO]: Get data user succsess Fathul
2025-05-29T02:55:05.691Z [INFO]: Get data user succsess Fathul
2025-05-29T02:55:08.453Z [INFO]: Get data user succsess Fathul
2025-05-29T04:00:31.160Z [INFO]: Get data user succsess Fathul
2025-05-29T04:00:32.187Z [INFO]: Get data user succsess Fathul
2025-05-29T04:01:27.929Z [INFO]: Get data user succsess Fathul
2025-05-29T04:01:31.331Z [INFO]: Get data user succsess Fathul
2025-05-29T04:06:45.499Z [INFO]: Get data user succsess Fathul
2025-05-29T04:06:54.022Z [INFO]: Get data user succsess Fathul
2025-05-29T04:09:42.770Z [INFO]: Get data user succsess Fathul
2025-05-29T04:09:46.113Z [INFO]: Get data user succsess Fathul
2025-05-29T04:13:40.149Z [INFO]: Get data user succsess Fathul
2025-05-29T04:13:42.111Z [INFO]: Get data user succsess Fathul
2025-05-29T04:18:31.849Z [INFO]: Get data user succsess Fathul
2025-05-29T04:18:33.669Z [INFO]: Get data user succsess Fathul
2025-05-29T04:20:48.116Z [INFO]: Get data user succsess Fathul
2025-05-29T04:20:53.812Z [INFO]: Get data user succsess Fathul
2025-05-29T04:22:57.857Z [INFO]: Get data user succsess Fathul
2025-05-29T04:23:03.755Z [INFO]: Get data user succsess Fathul
2025-05-29T04:25:15.309Z [INFO]: Get data user succsess Fathul
2025-05-29T04:25:19.836Z [INFO]: Get data user succsess Fathul
2025-05-29T04:27:24.711Z [INFO]: Get data user succsess Fathul
2025-05-29T04:27:25.917Z [INFO]: Get data user succsess Fathul
2025-05-29T04:30:12.452Z [INFO]: Get data user succsess Fathul
2025-05-29T04:30:15.186Z [INFO]: Get data user succsess Fathul
2025-05-29T04:32:38.806Z [INFO]: Get data user succsess Fathul
2025-05-29T04:32:42.476Z [INFO]: Get data user succsess Fathul
2025-05-29T04:34:18.654Z [INFO]: Get data user succsess Fathul
2025-05-29T04:34:25.250Z [INFO]: Get data user succsess Fathul
2025-05-29T05:20:28.288Z [INFO]: Get data user succsess Fathul
2025-05-29T05:20:38.942Z [INFO]: Get data user succsess Fathul
2025-05-29T05:22:06.556Z [INFO]: Get data user succsess Fathul
2025-05-29T05:22:09.416Z [INFO]: Get data user succsess Fathul
2025-05-29T05:24:18.149Z [INFO]: Get data user succsess Fathul
2025-05-29T05:24:22.399Z [INFO]: Get data user succsess Fathul
2025-05-29T05:26:28.884Z [INFO]: Get data user succsess Fathul
2025-05-29T05:26:30.819Z [INFO]: Get data user succsess Fathul
2025-05-29T05:31:57.049Z [INFO]: Get data user succsess Fathul
2025-05-29T05:31:58.161Z [INFO]: Get data user succsess Fathul
2025-05-29T05:35:10.691Z [INFO]: Get data user succsess Fathul
2025-05-29T05:35:15.864Z [INFO]: Get data user succsess Fathul
2025-05-29T05:39:51.926Z [INFO]: Get data user succsess Fathul
2025-05-29T05:39:55.224Z [INFO]: Get data user succsess Fathul
2025-05-29T05:41:59.231Z [INFO]: Get data user succsess Fathul
2025-05-29T05:42:01.238Z [INFO]: Get data user succsess Fathul
2025-05-29T05:43:21.401Z [INFO]: Get data user succsess Fathul
2025-05-29T05:43:23.159Z [INFO]: Get data user succsess Fathul
2025-05-29T05:54:30.363Z [INFO]: Get data user succsess Fathul
2025-05-29T05:54:33.229Z [INFO]: Get data user succsess Fathul
2025-05-29T05:59:23.501Z [INFO]: Get data user succsess Fathul
2025-05-29T05:59:25.214Z [INFO]: Get data user succsess Fathul
2025-05-29T06:19:19.747Z [INFO]: Get data user succsess Fathul
2025-05-29T06:19:22.898Z [INFO]: Get data user succsess Fathul
2025-05-29T06:22:24.363Z [INFO]: Get data user succsess Fathul
2025-05-29T06:22:25.717Z [INFO]: Get data user succsess Fathul
2025-05-29T06:23:55.340Z [INFO]: update profile succsess
2025-05-29T06:25:25.219Z [INFO]: Get data user succsess Spongebob
2025-05-29T06:25:26.162Z [INFO]: Get data user succsess Spongebob
2025-05-29T08:38:10.547Z [INFO]: Get data user succsess Spongebob
2025-05-29T08:45:27.937Z [INFO]: Get data user succsess Spongebob
2025-05-29T08:45:32.737Z [INFO]: Get data user succsess Spongebob
2025-05-29T08:46:19.234Z [INFO]: Get data user succsess Spongebob
2025-05-29T08:46:23.164Z [INFO]: Get data user succsess Spongebob
2025-05-29T08:47:18.547Z [INFO]: update profile succsess
2025-05-29T08:48:15.991Z [INFO]: Get data user succsess Patrick
2025-05-29T08:48:26.632Z [INFO]: Get data user succsess Patrick
2025-05-29T10:44:49.178Z [INFO]: Get data user succsess Patrick
2025-05-29T10:44:50.617Z [INFO]: Get data user succsess Patrick
2025-05-29T10:45:31.973Z [INFO]: Signin succsessfully
2025-05-29T10:45:51.348Z [INFO]: Get data user succsess Nobody
2025-05-29T10:45:52.256Z [INFO]: Get data user succsess Nobody
2025-05-29T10:46:30.566Z [INFO]: Get data user succsess Nobody
2025-05-29T10:46:31.511Z [INFO]: Get data user succsess Nobody
2025-05-29T10:47:49.520Z [INFO]: update profile succsess
2025-05-29T10:48:11.960Z [INFO]: Get data user succsess Nobody
2025-05-29T10:48:13.279Z [INFO]: Get data user succsess Nobody
2025-05-29T11:12:22.296Z [INFO]: update profile succsess
2025-05-29T12:38:29.582Z [INFO]: Signin succsessfully
2025-05-29T12:39:25.141Z [INFO]: update profile succsess
2025-05-29T13:44:19.195Z [INFO]: Get data user succsess Nobody
2025-05-29T13:44:21.556Z [INFO]: Get data user succsess Nobody
2025-05-29T13:44:48.086Z [INFO]: update profile succsess
2025-05-29T13:54:20.993Z [INFO]: Get data user succsess Nobody
2025-05-29T13:54:21.937Z [INFO]: Get data user succsess Nobody
2025-05-29T13:54:53.049Z [INFO]: update profile succsess
2025-05-29T14:55:53.869Z [INFO]: Get data user succsess Nobody
2025-05-29T14:55:54.793Z [INFO]: Get data user succsess Nobody
2025-05-29T14:57:18.657Z [INFO]: update profile succsess
2025-05-29T14:58:02.453Z [WARN]: user not found, please login first
2025-05-29T14:58:48.831Z [INFO]: Get data user succsess Nobody
2025-05-29T14:58:50.887Z [INFO]: Get data user succsess Nobody
2025-05-29T14:59:52.804Z [INFO]: update profile succsess
2025-05-29T15:05:17.463Z [INFO]: Get data user succsess Nobody
2025-05-29T15:05:18.453Z [INFO]: Get data user succsess Nobody
2025-05-29T15:05:55.493Z [INFO]: update profile succsess
2025-05-29T15:13:58.343Z [INFO]: Get data user succsess Nobody
2025-05-29T15:13:59.357Z [INFO]: Get data user succsess Nobody
2025-05-29T15:14:28.296Z [INFO]: update profile succsess
2025-05-29T15:18:26.268Z [INFO]: Get data user succsess Nobody
2025-05-29T15:18:27.589Z [INFO]: Get data user succsess Nobody
2025-05-29T15:18:56.314Z [INFO]: update profile succsess
2025-05-29T15:19:24.190Z [WARN]: user not found, please login first
2025-05-29T15:19:44.738Z [INFO]: Get data user succsess Nobody
2025-05-29T15:19:45.663Z [INFO]: Get data user succsess Nobody
2025-05-29T15:20:13.213Z [INFO]: update profile succsess
2025-05-29T15:20:14.664Z [WARN]: user not found, please login first
2025-05-29T15:20:50.466Z [WARN]: user not found, please login first
2025-05-29T15:21:10.096Z [INFO]: Get data user succsess Nobody
2025-05-29T15:21:11.838Z [INFO]: Get data user succsess Nobody
2025-05-29T15:21:47.101Z [INFO]: update profile succsess
2025-05-29T15:36:05.072Z [INFO]: Get data user succsess Nobody
2025-05-29T15:36:06.901Z [INFO]: Get data user succsess Nobody
2025-05-29T15:37:09.997Z [INFO]: update profile succsess
2025-05-29T15:37:45.597Z [WARN]: user not found, please login first
2025-05-29T15:37:56.980Z [INFO]: Signin succsessfully
2025-05-29T15:38:37.967Z [INFO]: update profile succsess
2025-05-29T16:02:08.053Z [INFO]: Get data user succsess Nobody
2025-05-29T16:02:09.934Z [INFO]: Get data user succsess Nobody
2025-05-29T16:06:44.083Z [INFO]: Get data user succsess Nobody
2025-05-29T16:06:45.272Z [INFO]: Get data user succsess Nobody
2025-05-29T16:07:30.073Z [INFO]: update profile succsess
2025-05-29T16:08:34.706Z [INFO]: Get data user succsess Nobody
2025-05-29T16:08:35.777Z [INFO]: Get data user succsess Nobody
2025-05-29T16:35:20.895Z [INFO]: Get data user succsess Nobody
2025-05-29T16:35:21.701Z [INFO]: Get data user succsess Nobody
2025-05-29T16:35:47.950Z [INFO]: update profile succsess
2025-05-29T16:36:06.831Z [INFO]: Get data user succsess Nobody
2025-05-29T16:36:07.622Z [INFO]: Get data user succsess Nobody
2025-05-29T16:36:49.142Z [INFO]: update profile succsess
2025-05-29T16:37:49.013Z [WARN]: user not found, please login first
2025-05-30T06:59:30.473Z [INFO]: Get data user succsess Spongebob
2025-05-30T06:59:31.497Z [INFO]: Get data user succsess Spongebob
2025-05-30T07:03:16.463Z [INFO]: update profile succsess
2025-05-30T07:03:34.170Z [WARN]: user not found, please login first
2025-05-30T07:03:38.626Z [WARN]: user not found, please login first
2025-05-30T07:16:27.281Z [INFO]: Get data user succsess Spongebob
2025-05-30T07:16:28.261Z [INFO]: Get data user succsess Spongebob
2025-05-30T07:16:56.871Z [INFO]: update profile succsess
2025-05-30T07:18:00.411Z [WARN]: user not found, please login first
2025-05-30T08:39:39.600Z [INFO]: Get data user succsess Spongebob
2025-05-30T08:39:40.615Z [INFO]: Get data user succsess Spongebob
2025-05-30T08:40:12.096Z [INFO]: update profile succsess
2025-05-30T08:40:38.199Z [INFO]: update profile succsess
2025-05-30T08:42:04.461Z [INFO]: Get data user succsess Spongebob
2025-05-30T08:42:06.380Z [INFO]: Get data user succsess Spongebob
2025-05-30T08:53:22.075Z [INFO]: Get data user succsess Spongebob
2025-05-30T08:53:23.099Z [INFO]: Get data user succsess Spongebob
2025-05-30T08:54:06.521Z [INFO]: update profile succsess
2025-05-30T08:54:32.917Z [INFO]: update profile succsess
2025-05-30T09:21:42.351Z [INFO]: Get data user succsess Nobody
2025-05-30T09:21:44.268Z [INFO]: Get data user succsess Nobody
2025-05-30T09:22:38.737Z [INFO]: update profile succsess
2025-05-30T09:23:19.118Z [INFO]: update profile succsess
2025-05-30T09:23:37.164Z [INFO]: update profile succsess
2025-05-30T09:23:38.587Z [INFO]: Get data user succsess Spongebob
2025-05-30T09:24:20.991Z [INFO]: Get data user succsess Spongebob
2025-05-30T09:24:22.881Z [INFO]: Get data user succsess Spongebob
2025-05-30T09:24:37.260Z [INFO]: update profile succsess
2025-05-30T09:24:38.304Z [INFO]: Get data user succsess Nobody
2025-05-30T09:43:02.123Z [INFO]: Get data user succsess Nobody
2025-05-30T09:43:03.154Z [INFO]: Get data user succsess Nobody
2025-05-30T09:57:54.101Z [INFO]: Get data user succsess Nobody
2025-05-30T09:57:57.679Z [INFO]: Get data user succsess Nobody
2025-05-30T10:00:34.113Z [INFO]: Get data user succsess Nobody
2025-05-30T10:00:35.551Z [INFO]: Get data user succsess Nobody
2025-05-30T10:00:47.938Z [INFO]: Get data user succsess Nobody
2025-05-30T10:00:48.941Z [INFO]: Get data user succsess Nobody
2025-05-30T10:01:52.022Z [INFO]: update profile succsess
2025-05-30T10:01:58.695Z [INFO]: update profile succsess
2025-05-30T10:01:59.825Z [INFO]: Get data user succsess Spongebob
2025-05-30T10:02:00.726Z [INFO]: Get data user succsess Spongebob
2025-05-30T10:02:39.410Z [INFO]: update profile succsess
2025-05-30T10:02:40.391Z [INFO]: Get data user succsess Nobody
2025-05-30T10:02:41.216Z [INFO]: Get data user succsess Nobody
2025-05-30T10:03:47.370Z [INFO]: update profile succsess
2025-05-30T10:03:48.343Z [INFO]: Get data user succsess Spongebob
2025-05-30T10:03:49.274Z [INFO]: Get data user succsess Spongebob
2025-05-31T10:52:13.394Z [INFO]: Get data user succsess Spongebob
2025-05-31T10:52:16.642Z [INFO]: Get data user succsess Spongebob
2025-05-31T10:56:01.424Z [INFO]: update profile succsess
2025-05-31T11:02:12.579Z [INFO]: Get data user succsess Spongebob
2025-05-31T11:02:13.487Z [INFO]: Get data user succsess Spongebob
2025-05-31T11:02:41.766Z [INFO]: update profile succsess
2025-05-31T11:21:02.082Z [INFO]: Get data user succsess Spongebob
2025-05-31T11:21:03.650Z [INFO]: Get data user succsess Spongebob
2025-05-31T11:21:30.414Z [INFO]: update profile succsess
2025-06-01T12:11:24.498Z [INFO]: Signin succsessfully
2025-06-01T12:11:32.972Z [INFO]: Get data user succsess Spongebob
2025-06-01T12:11:34.031Z [INFO]: Get data user succsess Spongebob
2025-06-01T12:11:53.065Z [INFO]: Get data user succsess Spongebob
2025-06-01T12:11:55.817Z [INFO]: Get data user succsess Spongebob
2025-06-01T12:12:26.646Z [INFO]: update profile succsess
2025-06-01T12:24:15.777Z [INFO]: Get data user succsess Spongebob
2025-06-01T12:24:18.266Z [INFO]: Get data user succsess Spongebob
2025-06-01T12:24:41.924Z [INFO]: Get data user succsess Spongebob
2025-06-01T12:24:43.517Z [INFO]: Get data user succsess Spongebob
2025-06-02T06:01:28.849Z [INFO]: Get data user succsess Spongebob
2025-06-02T06:01:29.959Z [INFO]: Get data user succsess Spongebob
2025-06-02T06:09:34.399Z [INFO]: Get data user succsess Spongebob
2025-06-02T06:09:35.372Z [INFO]: Get data user succsess Spongebob
2025-06-02T06:13:05.968Z [INFO]: Get data user succsess Spongebob
2025-06-02T06:13:07.214Z [INFO]: Get data user succsess Spongebob
2025-06-02T06:54:13.077Z [INFO]: Get data user succsess Spongebob
2025-06-02T06:54:14.246Z [INFO]: Get data user succsess Spongebob
2025-06-02T06:57:00.575Z [INFO]: Get data user succsess Spongebob
2025-06-02T06:57:04.398Z [INFO]: Get data user succsess Spongebob
2025-06-02T06:57:17.906Z [INFO]: Get data user succsess Spongebob
2025-06-02T06:57:19.193Z [INFO]: Get data user succsess Spongebob
2025-06-02T06:59:08.742Z [INFO]: Get data user succsess Spongebob
2025-06-02T06:59:09.973Z [INFO]: Get data user succsess Spongebob
2025-06-02T08:21:36.365Z [INFO]: Get data user succsess Spongebob
2025-06-02T08:21:37.686Z [INFO]: Get data user succsess Spongebob
2025-06-02T08:51:51.358Z [INFO]: Get data user succsess Spongebob
2025-06-02T08:51:52.843Z [INFO]: Get data user succsess Spongebob
2025-06-02T08:52:22.349Z [INFO]: update profile succsess
2025-06-02T08:53:42.858Z [INFO]: Get data user succsess Spongebob
2025-06-02T08:53:44.033Z [INFO]: Get data user succsess Spongebob
2025-06-02T08:56:06.177Z [INFO]: update profile succsess
2025-06-02T08:56:07.389Z [INFO]: Get data user succsess Spongebob
2025-06-02T08:56:08.004Z [INFO]: Get data user succsess Spongebob
2025-06-02T10:13:48.878Z [INFO]: Get data user succsess Spongebob
2025-06-02T10:13:50.678Z [INFO]: Get data user succsess Spongebob
2025-06-02T10:32:31.293Z [INFO]: Get data user succsess Spongebob
2025-06-02T10:32:33.540Z [INFO]: Get data user succsess Spongebob
2025-06-02T10:39:06.530Z [INFO]: Get data user succsess Spongebob
2025-06-02T10:39:07.756Z [INFO]: Get data user succsess Spongebob
2025-06-02T10:58:01.466Z [INFO]: Get data user succsess Spongebob
2025-06-02T10:58:03.768Z [INFO]: Get data user succsess Spongebob
2025-06-02T11:12:37.046Z [INFO]: update profile succsess
2025-06-02T11:12:38.007Z [INFO]: Get data user succsess Spongebob
2025-06-02T11:12:39.246Z [INFO]: Get data user succsess Spongebob
2025-06-02T11:26:40.933Z [INFO]: Get data user succsess Spongebob
2025-06-02T11:26:44.261Z [INFO]: Get data user succsess Spongebob
2025-06-02T11:33:05.051Z [INFO]: Get data user succsess Spongebob
2025-06-02T11:33:06.114Z [INFO]: Get data user succsess Spongebob
2025-06-02T11:38:40.805Z [INFO]: Get data user succsess Spongebob
2025-06-02T11:38:41.822Z [INFO]: Get data user succsess Spongebob
2025-06-03T06:04:31.009Z [INFO]: Get data user succsess Spongebob
2025-06-03T06:04:33.523Z [INFO]: Get data user succsess Spongebob
2025-06-03T06:11:35.295Z [INFO]: Get data user succsess Spongebob
2025-06-03T06:11:38.225Z [INFO]: Get data user succsess Spongebob
2025-06-03T06:53:37.164Z [INFO]: Get data user succsess Spongebob
2025-06-03T06:53:42.709Z [INFO]: Get data user succsess Spongebob
2025-06-03T07:06:06.231Z [INFO]: Get data user succsess Spongebob
2025-06-03T07:06:07.145Z [INFO]: Get data user succsess Spongebob
2025-06-03T07:12:53.204Z [INFO]: Get data user succsess Spongebob
2025-06-03T07:12:54.733Z [INFO]: Get data user succsess Spongebob
2025-06-03T07:14:53.747Z [INFO]: Get data user succsess Spongebob
2025-06-03T07:14:54.651Z [INFO]: Get data user succsess Spongebob
2025-06-03T07:22:08.763Z [INFO]: Get data user succsess Spongebob
2025-06-03T07:22:11.614Z [INFO]: Get data user succsess Spongebob
2025-06-03T09:13:03.152Z [INFO]: Signin succsessfully
2025-06-03T09:13:55.930Z [INFO]: Password successfully changed
2025-06-03T09:14:11.345Z [INFO]: Logout user succsess
2025-06-03T09:21:06.602Z [INFO]: Signin succsessfully
2025-06-03T09:32:02.735Z [INFO]: Get data user succsess Spongebob
2025-06-03T09:32:04.510Z [INFO]: Get data user succsess Spongebob
2025-06-03T10:26:25.949Z [INFO]: Get data user succsess Spongebob
2025-06-03T10:26:33.443Z [INFO]: Get data user succsess Spongebob
2025-06-03T10:29:30.256Z [INFO]: Get data user succsess Spongebob
2025-06-03T10:29:31.881Z [INFO]: Get data user succsess Spongebob
2025-06-03T10:36:03.355Z [INFO]: Get data user succsess Spongebob
2025-06-03T10:36:04.094Z [INFO]: Get data user succsess Spongebob
2025-06-03T10:39:50.049Z [INFO]: Get data user succsess Spongebob
2025-06-03T10:39:52.989Z [INFO]: Get data user succsess Spongebob
2025-06-03T10:48:50.429Z [INFO]: Get data user succsess Spongebob
2025-06-03T10:48:51.656Z [INFO]: Get data user succsess Spongebob
2025-06-03T12:13:29.135Z [INFO]: Get data user succsess Spongebob
2025-06-03T12:13:31.796Z [INFO]: Get data user succsess Spongebob
2025-06-03T12:14:23.565Z [INFO]: Password successfully changed
2025-06-03T12:31:26.060Z [INFO]: Get data user succsess Spongebob
2025-06-03T12:31:30.003Z [INFO]: Get data user succsess Spongebob
2025-06-03T12:31:55.853Z [INFO]: Password successfully changed
2025-06-03T12:34:35.495Z [INFO]: Signin succsessfully
2025-06-03T12:34:45.879Z [INFO]: Get data user succsess Spongebob
2025-06-03T12:34:47.282Z [INFO]: Get data user succsess Spongebob
2025-06-03T12:36:37.193Z [INFO]: Get data user succsess Spongebob
2025-06-03T12:36:38.010Z [INFO]: Get data user succsess Spongebob
2025-06-03T13:31:27.066Z [INFO]: Get data user succsess Spongebob
2025-06-03T13:31:28.240Z [INFO]: Get data user succsess Spongebob
2025-06-03T13:32:58.800Z [WARN]: invalid current password 
2025-06-03T13:33:07.803Z [WARN]: no authorized, no token provided
2025-06-03T13:36:56.684Z [INFO]: Signin succsessfully
2025-06-03T13:39:18.640Z [INFO]: Get data user succsess Spongebob
2025-06-03T13:39:19.467Z [INFO]: Get data user succsess Spongebob
2025-06-03T13:40:15.607Z [INFO]: Get data user succsess Spongebob
2025-06-03T13:40:16.557Z [INFO]: Get data user succsess Spongebob
2025-06-03T13:41:03.557Z [WARN]: invalid current password 
2025-06-03T13:54:46.276Z [INFO]: Signin succsessfully
2025-06-03T13:55:06.207Z [INFO]: Get data user succsess Spongebob
2025-06-03T13:55:08.531Z [INFO]: Get data user succsess Spongebob
2025-06-03T13:56:31.073Z [INFO]: Get data user succsess Spongebob
2025-06-03T13:56:33.062Z [INFO]: Get data user succsess Spongebob
2025-06-03T13:57:02.335Z [WARN]: invalid current password 
2025-06-03T15:38:01.400Z [INFO]: Get data user succsess Spongebob
2025-06-03T15:38:03.069Z [INFO]: Get data user succsess Spongebob
2025-06-03T15:43:28.138Z [INFO]: Get data user succsess Spongebob
2025-06-03T15:43:33.097Z [INFO]: Get data user succsess Spongebob
2025-06-04T02:45:56.142Z [INFO]: Get data user succsess Spongebob
2025-06-04T02:45:57.131Z [INFO]: Get data user succsess Spongebob
2025-06-04T03:19:25.877Z [INFO]: Get data user succsess Spongebob
2025-06-04T03:19:28.523Z [INFO]: Get data user succsess Spongebob
2025-06-04T03:28:04.100Z [INFO]: Get data user succsess Spongebob
2025-06-04T03:28:04.937Z [INFO]: Get data user succsess Spongebob
2025-06-04T03:43:29.268Z [INFO]: Get data user succsess Spongebob
2025-06-04T03:43:44.027Z [INFO]: Get data user succsess Spongebob
2025-06-04T03:53:05.606Z [INFO]: Get data user succsess Spongebob
2025-06-04T03:53:08.777Z [INFO]: Get data user succsess Spongebob
2025-06-04T03:57:41.451Z [INFO]: Get data user succsess Spongebob
2025-06-04T03:57:43.624Z [INFO]: Get data user succsess Spongebob
2025-06-04T04:02:54.714Z [INFO]: Get data user succsess Spongebob
2025-06-04T04:02:55.628Z [INFO]: Get data user succsess Spongebob
2025-06-04T04:35:20.001Z [INFO]: Get data user succsess Spongebob
2025-06-04T04:35:23.816Z [INFO]: Get data user succsess Spongebob
2025-06-04T04:39:48.311Z [INFO]: Get data user succsess Spongebob
2025-06-04T04:39:48.986Z [INFO]: Get data user succsess Spongebob
2025-06-04T05:24:54.102Z [INFO]: Get data user succsess Spongebob
2025-06-04T05:24:55.717Z [INFO]: Get data user succsess Spongebob
2025-06-04T05:38:31.042Z [INFO]: Get data user succsess Spongebob
2025-06-04T05:38:38.666Z [INFO]: Get data user succsess Spongebob
2025-06-04T05:44:48.183Z [INFO]: Get data user succsess Spongebob
2025-06-04T05:44:52.981Z [INFO]: Get data user succsess Spongebob
2025-06-04T06:29:53.773Z [INFO]: Get data user succsess Spongebob
2025-06-04T06:29:54.736Z [INFO]: Get data user succsess Spongebob
2025-06-04T06:30:47.090Z [INFO]: Get data user succsess Spongebob
2025-06-04T06:30:49.055Z [INFO]: Get data user succsess Spongebob
2025-06-04T06:43:20.107Z [INFO]: Get data user succsess Spongebob
2025-06-04T06:43:22.715Z [INFO]: Get data user succsess Spongebob
2025-06-04T06:52:08.878Z [INFO]: Get data user succsess Spongebob
2025-06-04T06:52:09.626Z [INFO]: Get data user succsess Spongebob
2025-06-04T07:01:23.680Z [INFO]: Get data user succsess Spongebob
2025-06-04T07:01:25.955Z [INFO]: Get data user succsess Spongebob
2025-06-04T07:53:13.964Z [INFO]: Get data user succsess Spongebob
2025-06-04T07:53:16.635Z [INFO]: Get data user succsess Spongebob
2025-06-04T08:38:56.623Z [INFO]: Get data user succsess Spongebob
2025-06-04T08:38:58.880Z [INFO]: Get data user succsess Spongebob
2025-06-04T09:20:48.403Z [INFO]: Get data user succsess Spongebob
2025-06-04T09:20:50.533Z [INFO]: Get data user succsess Spongebob
2025-06-04T11:36:43.108Z [INFO]: Get data user succsess Spongebob
2025-06-04T11:36:44.114Z [INFO]: Get data user succsess Spongebob
2025-06-04T11:44:07.898Z [INFO]: Get data user succsess Spongebob
2025-06-04T11:44:09.504Z [INFO]: Get data user succsess Spongebob
2025-06-04T12:40:50.636Z [INFO]: Get data user succsess Spongebob
2025-06-04T12:40:51.648Z [INFO]: Get data user succsess Spongebob
2025-06-05T04:08:55.961Z [INFO]: Get data user succsess Spongebob
2025-06-05T04:08:56.904Z [INFO]: Get data user succsess Spongebob
2025-06-05T04:10:42.442Z [INFO]: Get data user succsess Spongebob
2025-06-05T04:10:43.145Z [INFO]: Get data user succsess Spongebob
2025-06-05T04:48:35.239Z [INFO]: Get data user succsess Spongebob
2025-06-05T04:48:36.091Z [INFO]: Get data user succsess Spongebob
2025-06-05T05:46:13.775Z [INFO]: Get data user succsess Spongebob
2025-06-05T05:46:14.844Z [INFO]: Get data user succsess Spongebob
2025-06-05T05:49:23.084Z [INFO]: Signin succsessfully
2025-06-05T06:27:15.481Z [INFO]: Get data user succsess Spongebob
2025-06-05T06:27:16.526Z [INFO]: Get data user succsess Spongebob
2025-06-05T06:34:20.824Z [INFO]: Get data user succsess Spongebob
2025-06-05T06:34:21.724Z [INFO]: Get data user succsess Spongebob
2025-06-05T06:39:56.882Z [INFO]: Get data user succsess Spongebob
2025-06-05T06:39:58.445Z [INFO]: Get data user succsess Spongebob
2025-06-05T07:02:24.938Z [INFO]: Get data user succsess Spongebob
2025-06-05T07:02:26.358Z [INFO]: Get data user succsess Spongebob
2025-06-05T07:06:38.197Z [INFO]: Get data user succsess Spongebob
2025-06-05T07:06:39.552Z [INFO]: Get data user succsess Spongebob
2025-06-05T07:18:21.873Z [INFO]: Get data user succsess Spongebob
2025-06-05T07:18:23.348Z [INFO]: Get data user succsess Spongebob
2025-06-05T07:39:07.813Z [INFO]: Get data user succsess Spongebob
2025-06-05T07:39:10.433Z [INFO]: Get data user succsess Spongebob
2025-06-05T07:47:10.871Z [INFO]: Get data user succsess Spongebob
2025-06-05T08:33:12.978Z [INFO]: Get data user succsess Spongebob
2025-06-05T08:33:14.299Z [INFO]: Get data user succsess Spongebob
2025-06-05T08:33:36.194Z [INFO]: Get data user succsess Spongebob
2025-06-05T08:33:37.009Z [INFO]: Get data user succsess Spongebob
2025-06-05T08:34:59.757Z [INFO]: Get data user succsess Spongebob
2025-06-05T08:43:19.495Z [INFO]: Logout user succsess
2025-06-05T08:48:13.018Z [INFO]: Get data user succsess Patrick
2025-06-05T08:48:38.906Z [INFO]: Get data user succsess Patrick
2025-06-05T08:48:40.139Z [INFO]: Get data user succsess Patrick
2025-06-05T08:50:16.529Z [INFO]: update profile succsess
2025-06-05T08:51:17.769Z [INFO]: Get data user succsess Patrick
2025-06-05T08:51:19.014Z [INFO]: Get data user succsess Patrick
2025-06-05T08:55:21.976Z [INFO]: Get data user succsess Patrick
2025-06-05T08:55:22.998Z [INFO]: Get data user succsess Patrick
2025-06-05T10:44:50.741Z [INFO]: Get data user succsess Patrick
2025-06-05T10:44:53.777Z [INFO]: Get data user succsess Patrick
2025-06-05T11:05:32.786Z [INFO]: Get data user succsess Patrick
2025-06-05T11:05:37.790Z [INFO]: Get data user succsess Patrick
2025-06-05T11:16:40.955Z [INFO]: Get data user succsess Patrick
2025-06-05T11:16:42.489Z [INFO]: Get data user succsess Patrick
2025-06-05T11:49:48.832Z [INFO]: Get data user succsess Patrick
2025-06-05T11:49:50.403Z [INFO]: Get data user succsess Patrick
2025-06-05T11:50:08.124Z [INFO]: Logout user succsess
2025-06-06T06:44:43.548Z [INFO]: Signin succsessfully
2025-06-06T06:44:59.980Z [INFO]: Get data user succsess Spongebob
2025-06-06T06:45:02.334Z [INFO]: Get data user succsess Spongebob
2025-06-06T06:45:59.137Z [INFO]: Get data user succsess Spongebob
2025-06-06T06:46:00.266Z [INFO]: Get data user succsess Spongebob
2025-06-06T06:53:32.268Z [INFO]: Get data user succsess Spongebob
2025-06-06T06:53:36.913Z [INFO]: Get data user succsess Spongebob
2025-06-06T06:55:03.119Z [INFO]: Get data user succsess Spongebob
2025-06-06T06:55:04.004Z [INFO]: Get data user succsess Spongebob
2025-06-06T06:59:25.193Z [INFO]: Get data user succsess Spongebob
2025-06-06T06:59:26.300Z [INFO]: Get data user succsess Spongebob
2025-06-06T07:06:34.461Z [INFO]: Get data user succsess Spongebob
2025-06-06T07:06:36.909Z [INFO]: Get data user succsess Spongebob
2025-06-06T07:10:09.004Z [INFO]: Get data user succsess Spongebob
2025-06-06T07:10:09.981Z [INFO]: Get data user succsess Spongebob
2025-06-06T07:54:50.969Z [INFO]: Get data user succsess Spongebob
2025-06-06T07:54:52.174Z [INFO]: Get data user succsess Spongebob
2025-06-06T08:56:35.022Z [INFO]: Get data user succsess Spongebob
2025-06-06T08:56:37.023Z [INFO]: Get data user succsess Spongebob
2025-06-06T11:32:44.024Z [INFO]: Get data user succsess Spongebob
2025-06-06T11:32:45.609Z [INFO]: Get data user succsess Spongebob
2025-06-06T11:33:32.100Z [INFO]: Get data user succsess Spongebob
2025-06-06T11:33:35.802Z [INFO]: Get data user succsess Spongebob
2025-06-06T11:35:52.031Z [INFO]: Get data user succsess Spongebob
2025-06-06T11:35:56.207Z [INFO]: Get data user succsess Spongebob
2025-06-06T11:36:09.675Z [INFO]: Get data user succsess Spongebob
2025-06-06T11:36:29.316Z [INFO]: Get data user succsess Spongebob
2025-06-06T11:46:26.817Z [INFO]: Get data user succsess Spongebob
2025-06-06T11:46:28.947Z [INFO]: Get data user succsess Spongebob
2025-06-06T11:46:40.459Z [INFO]: Get data user succsess Spongebob
2025-06-06T11:48:05.018Z [INFO]: Get data user succsess Spongebob
2025-06-06T11:48:05.878Z [INFO]: Get data user succsess Spongebob
2025-06-06T11:50:20.432Z [INFO]: Get data user succsess Spongebob
2025-06-06T11:50:22.575Z [INFO]: Get data user succsess Spongebob
2025-06-06T11:50:40.112Z [INFO]: Get data user succsess Spongebob
2025-06-06T11:55:14.601Z [INFO]: Get data user succsess Spongebob
2025-06-06T11:55:17.618Z [INFO]: Get data user succsess Spongebob
2025-06-06T11:55:28.864Z [INFO]: Get data user succsess Spongebob
2025-06-06T12:00:47.325Z [INFO]: Get data user succsess Spongebob
2025-06-06T12:00:50.210Z [INFO]: Get data user succsess Spongebob
2025-06-06T12:01:03.914Z [INFO]: Get data user succsess Spongebob
2025-06-06T12:08:44.837Z [INFO]: Get data user succsess Spongebob
2025-06-06T12:08:45.577Z [INFO]: Get data user succsess Spongebob
2025-06-06T12:08:57.727Z [INFO]: Get data user succsess Spongebob
2025-06-06T12:19:11.336Z [INFO]: Get data user succsess Spongebob
2025-06-06T12:19:12.448Z [INFO]: Get data user succsess Spongebob
2025-06-06T12:28:38.908Z [INFO]: Get data user succsess Spongebob
2025-06-06T12:28:41.399Z [INFO]: Get data user succsess Spongebob
2025-06-06T12:28:53.562Z [INFO]: Get data user succsess Spongebob
2025-06-06T12:33:05.927Z [INFO]: Get data user succsess Spongebob
2025-06-06T12:33:06.658Z [INFO]: Get data user succsess Spongebob
2025-06-06T13:09:01.906Z [INFO]: Get data user succsess Spongebob
2025-06-06T13:09:03.851Z [INFO]: Get data user succsess Spongebob
2025-06-06T13:09:19.967Z [INFO]: Get data user succsess Spongebob
2025-06-06T13:10:00.257Z [INFO]: Get data user succsess Spongebob
2025-06-06T13:19:18.772Z [INFO]: Get data user succsess Spongebob
2025-06-06T13:19:20.644Z [INFO]: Get data user succsess Spongebob
2025-06-06T13:27:53.266Z [INFO]: Get data user succsess Spongebob
2025-06-06T13:27:54.683Z [INFO]: Get data user succsess Spongebob
2025-06-06T13:28:12.713Z [INFO]: Get data user succsess Spongebob
2025-06-06T13:33:47.626Z [INFO]: Get data user succsess Spongebob
2025-06-06T13:33:51.188Z [INFO]: Get data user succsess Spongebob
2025-06-06T13:34:14.515Z [INFO]: Get data user succsess Spongebob
2025-06-06T13:35:24.340Z [INFO]: Get data user succsess Spongebob
2025-06-06T13:35:27.271Z [INFO]: Get data user succsess Spongebob
2025-06-06T13:35:48.892Z [INFO]: Get data user succsess Spongebob
2025-06-06T17:07:54.738Z [INFO]: Get data user succsess Spongebob
2025-06-06T17:07:55.869Z [INFO]: Get data user succsess Spongebob
2025-06-06T17:08:37.190Z [INFO]: Get data user succsess Spongebob
2025-06-06T17:11:54.673Z [INFO]: Get data user succsess Spongebob
2025-06-06T17:11:55.600Z [INFO]: Get data user succsess Spongebob
2025-06-06T17:14:50.869Z [INFO]: Get data user succsess Spongebob
2025-06-06T17:14:51.790Z [INFO]: Get data user succsess Spongebob
2025-06-06T17:17:21.186Z [INFO]: Get data user succsess Spongebob
2025-06-06T17:17:23.180Z [INFO]: Get data user succsess Spongebob
2025-06-06T17:40:59.506Z [INFO]: Get data user succsess Spongebob
2025-06-06T17:41:00.651Z [INFO]: Get data user succsess Spongebob
2025-06-06T17:45:48.523Z [INFO]: Get data user succsess Spongebob
2025-06-06T17:45:49.713Z [INFO]: Get data user succsess Spongebob
2025-06-06T18:04:38.767Z [INFO]: Get data user succsess Spongebob
2025-06-06T18:04:40.665Z [INFO]: Get data user succsess Spongebob
2025-06-06T18:20:27.567Z [INFO]: Get data user succsess Spongebob
2025-06-06T18:20:29.901Z [INFO]: Get data user succsess Spongebob
2025-06-06T18:22:36.252Z [INFO]: Get data user succsess Spongebob
2025-06-06T18:23:28.391Z [INFO]: Get data user succsess Spongebob
2025-06-06T18:31:43.060Z [INFO]: Get data user succsess Spongebob
2025-06-06T18:31:44.772Z [INFO]: Get data user succsess Spongebob
2025-06-06T19:01:54.392Z [INFO]: Get data user succsess Spongebob
2025-06-06T19:01:55.195Z [INFO]: Get data user succsess Spongebob
2025-06-06T19:02:22.187Z [INFO]: Get data user succsess Spongebob
2025-06-06T19:02:22.848Z [INFO]: Get data user succsess Spongebob
2025-06-07T02:44:15.613Z [INFO]: Get data user succsess Spongebob
2025-06-07T02:44:17.961Z [INFO]: Get data user succsess Spongebob
2025-06-07T02:51:00.703Z [INFO]: Get data user succsess Spongebob
2025-06-07T02:51:02.060Z [INFO]: Get data user succsess Spongebob
2025-06-07T03:29:28.295Z [INFO]: Get data user succsess Spongebob
2025-06-07T03:29:29.886Z [INFO]: Get data user succsess Spongebob
2025-06-07T03:31:39.936Z [INFO]: Get data user succsess Spongebob
2025-06-07T03:31:41.588Z [INFO]: Get data user succsess Spongebob
2025-06-07T03:36:59.993Z [INFO]: Get data user succsess Spongebob
2025-06-07T03:37:01.684Z [INFO]: Get data user succsess Spongebob
2025-06-07T03:48:45.893Z [INFO]: Get data user succsess Spongebob
2025-06-07T03:48:46.791Z [INFO]: Get data user succsess Spongebob
2025-06-07T03:54:23.904Z [INFO]: Get data user succsess Spongebob
2025-06-07T03:54:26.996Z [INFO]: Get data user succsess Spongebob
2025-06-07T04:13:30.406Z [INFO]: Get data user succsess Spongebob
2025-06-07T04:13:32.208Z [INFO]: Get data user succsess Spongebob
2025-06-07T13:20:08.972Z [INFO]: Get data user succsess Spongebob
2025-06-07T13:20:10.268Z [INFO]: Get data user succsess Spongebob
2025-06-07T13:27:36.215Z [INFO]: Get data user succsess Spongebob
2025-06-07T13:27:37.372Z [INFO]: Get data user succsess Spongebob
2025-06-07T13:30:21.492Z [INFO]: Get data user succsess Spongebob
2025-06-07T13:30:23.502Z [INFO]: Get data user succsess Spongebob
2025-06-07T13:38:22.044Z [INFO]: Get data user succsess Spongebob
2025-06-07T13:38:23.490Z [INFO]: Get data user succsess Spongebob
2025-06-07T13:40:35.276Z [INFO]: Get data user succsess Spongebob
2025-06-07T13:40:36.312Z [INFO]: Get data user succsess Spongebob
2025-06-08T03:02:45.347Z [INFO]: Get data user succsess Spongebob
2025-06-08T03:02:48.414Z [INFO]: Get data user succsess Spongebob
2025-06-08T03:11:56.277Z [INFO]: Get data user succsess Spongebob
2025-06-08T03:11:57.558Z [INFO]: Get data user succsess Spongebob
2025-06-08T03:29:28.602Z [INFO]: Get data user succsess Spongebob
2025-06-08T03:29:30.844Z [INFO]: Get data user succsess Spongebob
2025-06-08T03:30:10.721Z [INFO]: Get data user succsess Spongebob
2025-06-08T03:38:14.381Z [INFO]: Get data user succsess Spongebob
2025-06-08T03:38:15.910Z [INFO]: Get data user succsess Spongebob
2025-06-08T03:38:50.241Z [INFO]: Get data user succsess Spongebob
2025-06-08T03:41:35.378Z [INFO]: Get data user succsess Spongebob
2025-06-08T03:41:38.369Z [INFO]: Get data user succsess Spongebob
2025-06-08T03:42:54.693Z [INFO]: Get data user succsess Spongebob
2025-06-08T03:43:24.600Z [INFO]: Get data user succsess Spongebob
2025-06-08T03:45:59.928Z [INFO]: Get data user succsess Spongebob
2025-06-08T03:49:21.895Z [INFO]: Get data user succsess Spongebob
2025-06-08T03:51:43.464Z [INFO]: Get data user succsess Spongebob
2025-06-08T03:51:44.500Z [INFO]: Get data user succsess Spongebob
2025-06-08T03:52:30.482Z [INFO]: Get data user succsess Spongebob
2025-06-08T04:04:48.330Z [INFO]: Get data user succsess Spongebob
2025-06-08T04:04:49.645Z [INFO]: Get data user succsess Spongebob
2025-06-08T04:05:13.696Z [INFO]: Get data user succsess Spongebob
2025-06-08T04:05:48.193Z [INFO]: Get data user succsess Spongebob
2025-06-08T04:06:04.447Z [INFO]: Get data user succsess Spongebob
2025-06-08T04:07:49.978Z [INFO]: Get data user succsess Spongebob
2025-06-08T04:07:50.576Z [INFO]: Get data user succsess Spongebob
2025-06-08T04:22:55.517Z [INFO]: Get data user succsess Spongebob
2025-06-08T04:22:56.511Z [INFO]: Get data user succsess Spongebob
2025-06-08T04:37:00.526Z [INFO]: Get data user succsess Spongebob
2025-06-08T04:37:01.259Z [INFO]: Get data user succsess Spongebob
2025-06-08T04:56:45.501Z [INFO]: Get data user succsess Spongebob
2025-06-08T04:56:46.880Z [INFO]: Get data user succsess Spongebob
2025-06-08T05:10:06.804Z [INFO]: Get data user succsess Spongebob
2025-06-08T05:20:53.896Z [INFO]: Get data user succsess Spongebob
2025-06-08T05:20:56.290Z [INFO]: Get data user succsess Spongebob
2025-06-08T05:41:12.213Z [INFO]: Get data user succsess Spongebob
2025-06-08T05:41:13.664Z [INFO]: Get data user succsess Spongebob
2025-06-08T06:32:24.135Z [INFO]: Get data user succsess Spongebob
2025-06-08T06:33:53.825Z [INFO]: Get data user succsess Spongebob
2025-06-08T06:33:54.567Z [INFO]: Get data user succsess Spongebob
2025-06-08T06:34:09.405Z [INFO]: Get data user succsess Spongebob
2025-06-08T06:34:14.089Z [INFO]: Get data user succsess Spongebob
2025-06-08T06:36:27.093Z [INFO]: Get data user succsess Spongebob
2025-06-08T06:37:14.075Z [INFO]: Get data user succsess Spongebob
2025-06-08T06:43:03.709Z [INFO]: Get data user succsess Spongebob
2025-06-08T06:43:08.384Z [INFO]: Get data user succsess Spongebob
2025-06-08T06:45:06.522Z [INFO]: Get data user succsess Spongebob
2025-06-08T07:03:32.945Z [INFO]: Get data user succsess Spongebob
2025-06-08T07:03:34.574Z [INFO]: Get data user succsess Spongebob
2025-06-08T07:04:14.525Z [INFO]: Get data user succsess Spongebob
2025-06-08T07:09:56.549Z [INFO]: Get data user succsess Spongebob
2025-06-08T07:09:57.545Z [INFO]: Get data user succsess Spongebob
2025-06-08T09:07:33.649Z [INFO]: Get data user succsess Spongebob
2025-06-08T09:07:34.668Z [INFO]: Get data user succsess Spongebob
2025-06-08T09:12:17.154Z [INFO]: Get data user succsess Spongebob
2025-06-08T09:12:21.292Z [INFO]: Get data user succsess Spongebob
2025-06-08T09:26:40.702Z [INFO]: Get data user succsess Spongebob
2025-06-08T09:26:44.868Z [INFO]: Get data user succsess Spongebob
2025-06-08T09:46:23.954Z [INFO]: Get data user succsess Spongebob
2025-06-08T10:16:51.228Z [INFO]: Get data user succsess Spongebob
2025-06-08T10:16:51.885Z [INFO]: Get data user succsess Spongebob
2025-06-08T10:17:21.822Z [INFO]: Get data user succsess Spongebob
2025-06-08T10:24:14.706Z [INFO]: Get data user succsess Spongebob
2025-06-08T10:28:45.313Z [INFO]: Get data user succsess Spongebob
2025-06-08T10:30:11.679Z [INFO]: Get data user succsess Spongebob
2025-06-08T10:30:12.366Z [INFO]: Get data user succsess Spongebob
2025-06-08T10:31:02.488Z [INFO]: Get data user succsess Spongebob
2025-06-08T10:31:32.018Z [INFO]: Get data user succsess Spongebob
2025-06-08T10:46:36.692Z [INFO]: Get data user succsess Spongebob
2025-06-08T10:46:38.067Z [INFO]: Get data user succsess Spongebob
2025-06-08T10:51:34.260Z [INFO]: Get data user succsess Spongebob
2025-06-08T10:51:35.620Z [INFO]: Get data user succsess Spongebob
2025-06-08T10:59:09.952Z [INFO]: Get data user succsess Spongebob
2025-06-08T10:59:11.061Z [INFO]: Get data user succsess Spongebob
2025-06-08T11:24:22.583Z [INFO]: Get data user succsess Spongebob
2025-06-08T11:24:23.279Z [INFO]: Get data user succsess Spongebob
2025-06-08T11:25:24.298Z [INFO]: Get data user succsess Spongebob
2025-06-09T01:40:55.422Z [INFO]: Get data user succsess Spongebob
2025-06-09T01:40:56.264Z [INFO]: Get data user succsess Spongebob
2025-06-09T01:44:09.775Z [INFO]: Get data user succsess Spongebob
2025-06-09T01:44:14.296Z [INFO]: Get data user succsess Spongebob
2025-06-09T01:45:43.942Z [INFO]: Get data user succsess Spongebob
2025-06-09T01:45:45.098Z [INFO]: Get data user succsess Spongebob
2025-06-09T01:50:56.194Z [INFO]: Get data user succsess Spongebob
2025-06-09T01:50:57.057Z [INFO]: Get data user succsess Spongebob
2025-06-09T02:29:22.833Z [INFO]: Get data user succsess Spongebob
2025-06-09T02:29:25.031Z [INFO]: Get data user succsess Spongebob
2025-06-09T02:41:47.314Z [INFO]: Get data user succsess Spongebob
2025-06-09T02:41:48.469Z [INFO]: Get data user succsess Spongebob
2025-06-09T02:49:00.165Z [INFO]: Get data user succsess Spongebob
2025-06-09T02:49:03.209Z [INFO]: Get data user succsess Spongebob
2025-06-09T03:08:33.539Z [INFO]: Get data user succsess Spongebob
2025-06-09T03:08:38.901Z [INFO]: Get data user succsess Spongebob
2025-06-09T03:40:28.082Z [INFO]: Get data user succsess Spongebob
2025-06-09T03:40:31.355Z [INFO]: Get data user succsess Spongebob
2025-06-09T04:01:15.489Z [INFO]: Get data user succsess Spongebob
2025-06-09T04:01:17.394Z [INFO]: Get data user succsess Spongebob
2025-06-09T04:13:49.590Z [INFO]: Get data user succsess Spongebob
2025-06-09T04:13:50.842Z [INFO]: Get data user succsess Spongebob
2025-06-09T04:41:10.181Z [INFO]: Get data user succsess Spongebob
2025-06-09T04:41:11.297Z [INFO]: Get data user succsess Spongebob
2025-06-09T04:57:33.765Z [INFO]: Get data user succsess Spongebob
2025-06-09T04:57:34.820Z [INFO]: Get data user succsess Spongebob
2025-06-09T05:04:14.933Z [INFO]: Get data user succsess Spongebob
2025-06-09T05:04:16.402Z [INFO]: Get data user succsess Spongebob
2025-06-09T05:11:44.514Z [INFO]: Get data user succsess Spongebob
2025-06-09T05:11:49.825Z [INFO]: Get data user succsess Spongebob
2025-06-09T05:12:52.909Z [WARN]: no authorized, no token provided
2025-06-09T05:13:21.352Z [INFO]: Signin succsessfully
